{
  "id": 9867410,
  "name": "Boost.Expected",
  "full_name": "ptal/Boost.Expected",
  "owner": {
    "login": "ptal",
    "id": 3127628,
    "avatar_url": "https://avatars.githubusercontent.com/u/3127628?",
    "gravatar_id": "8ff84b5734a780738d3fc9c74a332221",
    "url": "https://api.github.com/users/ptal",
    "html_url": "https://github.com/ptal",
    "followers_url": "https://api.github.com/users/ptal/followers",
    "following_url": "https://api.github.com/users/ptal/following{/other_user}",
    "gists_url": "https://api.github.com/users/ptal/gists{/gist_id}",
    "starred_url": "https://api.github.com/users/ptal/starred{/owner}{/repo}",
    "subscriptions_url": "https://api.github.com/users/ptal/subscriptions",
    "organizations_url": "https://api.github.com/users/ptal/orgs",
    "repos_url": "https://api.github.com/users/ptal/repos",
    "events_url": "https://api.github.com/users/ptal/events{/privacy}",
    "received_events_url": "https://api.github.com/users/ptal/received_events",
    "type": "User",
    "site_admin": false
  },
  "private": false,
  "html_url": "https://github.com/ptal/Boost.Expected",
  "description": "What did you expect?",
  "fork": false,
  "url": "https://api.github.com/repos/ptal/Boost.Expected",
  "forks_url": "https://api.github.com/repos/ptal/Boost.Expected/forks",
  "keys_url": "https://api.github.com/repos/ptal/Boost.Expected/keys{/key_id}",
  "collaborators_url": "https://api.github.com/repos/ptal/Boost.Expected/collaborators{/collaborator}",
  "teams_url": "https://api.github.com/repos/ptal/Boost.Expected/teams",
  "hooks_url": "https://api.github.com/repos/ptal/Boost.Expected/hooks",
  "issue_events_url": "https://api.github.com/repos/ptal/Boost.Expected/issues/events{/number}",
  "events_url": "https://api.github.com/repos/ptal/Boost.Expected/events",
  "assignees_url": "https://api.github.com/repos/ptal/Boost.Expected/assignees{/user}",
  "branches_url": "https://api.github.com/repos/ptal/Boost.Expected/branches{/branch}",
  "tags_url": "https://api.github.com/repos/ptal/Boost.Expected/tags",
  "blobs_url": "https://api.github.com/repos/ptal/Boost.Expected/git/blobs{/sha}",
  "git_tags_url": "https://api.github.com/repos/ptal/Boost.Expected/git/tags{/sha}",
  "git_refs_url": "https://api.github.com/repos/ptal/Boost.Expected/git/refs{/sha}",
  "trees_url": "https://api.github.com/repos/ptal/Boost.Expected/git/trees{/sha}",
  "statuses_url": "https://api.github.com/repos/ptal/Boost.Expected/statuses/{sha}",
  "languages_url": "https://api.github.com/repos/ptal/Boost.Expected/languages",
  "stargazers_url": "https://api.github.com/repos/ptal/Boost.Expected/stargazers",
  "contributors_url": "https://api.github.com/repos/ptal/Boost.Expected/contributors",
  "subscribers_url": "https://api.github.com/repos/ptal/Boost.Expected/subscribers",
  "subscription_url": "https://api.github.com/repos/ptal/Boost.Expected/subscription",
  "commits_url": "https://api.github.com/repos/ptal/Boost.Expected/commits{/sha}",
  "git_commits_url": "https://api.github.com/repos/ptal/Boost.Expected/git/commits{/sha}",
  "comments_url": "https://api.github.com/repos/ptal/Boost.Expected/comments{/number}",
  "issue_comment_url": "https://api.github.com/repos/ptal/Boost.Expected/issues/comments/{number}",
  "contents_url": "https://api.github.com/repos/ptal/Boost.Expected/contents/{+path}",
  "compare_url": "https://api.github.com/repos/ptal/Boost.Expected/compare/{base}...{head}",
  "merges_url": "https://api.github.com/repos/ptal/Boost.Expected/merges",
  "archive_url": "https://api.github.com/repos/ptal/Boost.Expected/{archive_format}{/ref}",
  "downloads_url": "https://api.github.com/repos/ptal/Boost.Expected/downloads",
  "issues_url": "https://api.github.com/repos/ptal/Boost.Expected/issues{/number}",
  "pulls_url": "https://api.github.com/repos/ptal/Boost.Expected/pulls{/number}",
  "milestones_url": "https://api.github.com/repos/ptal/Boost.Expected/milestones{/number}",
  "notifications_url": "https://api.github.com/repos/ptal/Boost.Expected/notifications{?since,all,participating}",
  "labels_url": "https://api.github.com/repos/ptal/Boost.Expected/labels{/name}",
  "releases_url": "https://api.github.com/repos/ptal/Boost.Expected/releases{/id}",
  "created_at": "2013-05-05T11:01:29Z",
  "updated_at": "2014-06-23T23:12:48Z",
  "pushed_at": "2014-06-23T23:12:48Z",
  "git_url": "git://github.com/ptal/Boost.Expected.git",
  "ssh_url": "git@github.com:ptal/Boost.Expected.git",
  "clone_url": "https://github.com/ptal/Boost.Expected.git",
  "svn_url": "https://github.com/ptal/Boost.Expected",
  "homepage": "",
  "size": 2210,
  "stargazers_count": 10,
  "watchers_count": 10,
  "language": "C++",
  "has_issues": true,
  "has_downloads": true,
  "has_wiki": true,
  "forks_count": 3,
  "mirror_url": null,
  "open_issues_count": 10,
  "forks": 3,
  "open_issues": 10,
  "watchers": 10,
  "default_branch": "master",
  "network_count": 3,
  "subscribers_count": 5
}
